components/Button.tsx(1,8): error TS1259: Module '"d:/SALIO/salio-fe/node_modules/@types/react/index"' can only be default-imported using the 'esModuleInterop' flag
components/CustomInput.tsx(1,8): error TS1259: Module '"d:/SALIO/salio-fe/node_modules/@types/react/index"' can only be default-imported using the 'esModuleInterop' flag
components/IconButton.tsx(1,8): error TS1259: Module '"d:/SALIO/salio-fe/node_modules/@types/react/index"' can only be default-imported using the 'esModuleInterop' flag
components/Modals/NewFlashCardSetModal.tsx(1,8): error TS1259: Module '"d:/SALIO/salio-fe/node_modules/@types/react/index"' can only be default-imported using the 'esModuleInterop' flag
components/Modals/NewFlashCardSetModal.tsx(175,10): error TS2322: Type '{ ref: ForwardedRef<BottomSheetModal>; snapPoints: string[]; backdropComponent: (props: any) => any; onChange: (index: number) => void; enablePanDownToClose: true; keyboardBehavior: "interactive"; keyboardBlurBehavior: "restore"; backgroundStyle: { ...; }; handleIndicatorStyle: { ...; }; }' is not assignable to type 'BottomSheetModalProps<never> & { ref?: React.ForwardedRef<BottomSheetModal<T>>; }'.
  Property 'children' is missing in type '{ ref: ForwardedRef<BottomSheetModal>; snapPoints: string[]; backdropComponent: (props: any) => any; onChange: (index: number) => void; enablePanDownToClose: true; keyboardBehavior: "interactive"; keyboardBlurBehavior: "restore"; backgroundStyle: { ...; }; handleIndicatorStyle: { ...; }; }' but required in type 'BottomSheetModalProps<never>'.
components/Modals/NewFlashCardSetModal.tsx(214,34): error TS2322: Type '{ showsVerticalScrollIndicator: false; contentContainerStyle: { paddingBottom: number; gap: number; }; }' is not assignable to type 'BottomSheetScrollViewProps'.
  Property 'children' is missing in type '{ showsVerticalScrollIndicator: false; contentContainerStyle: { paddingBottom: number; gap: number; }; }' but required in type '{ ref?: Ref<BottomSheetScrollViewMethods>; children: ReactNode | ReactNode[]; }'.
components/Modals/NewFlashCardSetModal.tsx(219,49): error TS2322: Type '{ key: string; item: any; isSelected: boolean; onPress: () => void; rightAction: any; }' is not assignable to type 'Props'.
  Property 'key' does not exist on type 'Props'.
components/PracticeComponent/PosBadge.tsx(1,8): error TS1259: Module '"d:/SALIO/salio-fe/node_modules/@types/react/index"' can only be default-imported using the 'esModuleInterop' flag
components/SearchBar.tsx(1,8): error TS1259: Module '"d:/SALIO/salio-fe/node_modules/@types/react/index"' can only be default-imported using the 'esModuleInterop' flag
components/VocabularyCard.tsx(3,8): error TS1259: Module '"d:/SALIO/salio-fe/node_modules/@types/react/index"' can only be default-imported using the 'esModuleInterop' flag
components/VocabularyCard.tsx(86,7): error TS2322: Type '{ type: "timing"; duration: number; }' is not assignable to type 'MotiTransitionProp<any>'.
  Type '{ type: "timing"; duration: number; }' is not assignable to type '({ type: "timing"; } & TimingConfig & { delay?: number; } & { repeat?: number; loop?: boolean; repeatReverse?: boolean; } & Partial<Record<string | number | symbol, TransitionConfig>>) | DerivedValue<...>'.
    Type '{ type: "timing"; duration: number; }' is not assignable to type '{ type: "timing"; } & TimingConfig & { delay?: number; } & { repeat?: number; loop?: boolean; repeatReverse?: boolean; } & Partial<Record<string | number | symbol, TransitionConfig>>'.
      Type '{ type: "timing"; duration: number; }' is not assignable to type 'Partial<Record<string | number | symbol, TransitionConfig>>'.
        Property 'type' is incompatible with index signature.
          Type 'string' is not assignable to type 'TransitionConfig'.
contexts/ThemeContext.tsx(1,8): error TS1259: Module '"d:/SALIO/salio-fe/node_modules/@types/react/index"' can only be default-imported using the 'esModuleInterop' flag
contexts/ThemeContext.tsx(31,61): error TS2740: Type '{ bg: string; bg2: string; text: string; stroke: string; gray: string; main: string; mainLighter: string; main2: string; green: string; greenLight: string; bluePastel: string; blue: string; blueFb: string; ... 86 more ...; feedbackIncorrectBorder: string; }' is missing the following properties from type '{ bg: string; bg2: string; text: string; stroke: string; gray: string; main: string; main50: string; main75: string; main100: string; main200: string; main300: string; main400: string; main500: string; ... 107 more ...; feedbackIncorrectBorder: string; }': main50, main75, main100, main200, and 17 more.
contexts/UserContext.tsx(1,8): error TS1259: Module '"d:/SALIO/salio-fe/node_modules/@types/react/index"' can only be default-imported using the 'esModuleInterop' flag
locales/config.ts(4,16): error TS2732: Cannot find module '../locales/vi.json'. Consider using '--resolveJsonModule' to import module with '.json' extension.
locales/config.ts(5,16): error TS2732: Cannot find module '../locales/en.json'. Consider using '--resolveJsonModule' to import module with '.json' extension.
locales/config.ts(6,16): error TS2732: Cannot find module '../locales/ko.json'. Consider using '--resolveJsonModule' to import module with '.json' extension.
node_modules/@gorhom/bottom-sheet/lib/typescript/components/bottomSheet/BottomSheet.d.ts(1,8): error TS1259: Module '"d:/SALIO/salio-fe/node_modules/@types/react/index"' can only be default-imported using the 'esModuleInterop' flag
node_modules/@gorhom/bottom-sheet/lib/typescript/components/bottomSheet/types.d.ts(1,13): error TS1259: Module '"d:/SALIO/salio-fe/node_modules/@types/react/index"' can only be default-imported using the 'esModuleInterop' flag
node_modules/@gorhom/bottom-sheet/lib/typescript/components/bottomSheet/types.d.ts(5,3): error TS2724: '"react-native-reanimated"' has no exported member named 'AnimateStyle'. Did you mean 'AnimatedStyle'?
node_modules/@gorhom/bottom-sheet/lib/typescript/components/bottomSheetBackdrop/BottomSheetBackdrop.d.ts(1,8): error TS1259: Module '"d:/SALIO/salio-fe/node_modules/@types/react/index"' can only be default-imported using the 'esModuleInterop' flag
node_modules/@gorhom/bottom-sheet/lib/typescript/components/bottomSheetBackground/BottomSheetBackgroundContainer.d.ts(1,8): error TS1259: Module '"d:/SALIO/salio-fe/node_modules/@types/react/index"' can only be default-imported using the 'esModuleInterop' flag
node_modules/@gorhom/bottom-sheet/lib/typescript/components/bottomSheetDraggableView/BottomSheetDraggableView.d.ts(1,8): error TS1259: Module '"d:/SALIO/salio-fe/node_modules/@types/react/index"' can only be default-imported using the 'esModuleInterop' flag
node_modules/@gorhom/bottom-sheet/lib/typescript/components/bottomSheetFooter/BottomSheetFooter.d.ts(1,8): error TS1259: Module '"d:/SALIO/salio-fe/node_modules/@types/react/index"' can only be default-imported using the 'esModuleInterop' flag
node_modules/@gorhom/bottom-sheet/lib/typescript/components/bottomSheetFooter/BottomSheetFooterContainer.d.ts(1,8): error TS1259: Module '"d:/SALIO/salio-fe/node_modules/@types/react/index"' can only be default-imported using the 'esModuleInterop' flag
node_modules/@gorhom/bottom-sheet/lib/typescript/components/bottomSheetHandle/BottomSheetHandle.d.ts(1,8): error TS1259: Module '"d:/SALIO/salio-fe/node_modules/@types/react/index"' can only be default-imported using the 'esModuleInterop' flag
node_modules/@gorhom/bottom-sheet/lib/typescript/components/bottomSheetHandle/BottomSheetHandleContainer.d.ts(1,8): error TS1259: Module '"d:/SALIO/salio-fe/node_modules/@types/react/index"' can only be default-imported using the 'esModuleInterop' flag
node_modules/@gorhom/bottom-sheet/lib/typescript/components/bottomSheetHandle/types.d.ts(1,13): error TS1259: Module '"d:/SALIO/salio-fe/node_modules/@types/react/index"' can only be default-imported using the 'esModuleInterop' flag
node_modules/@gorhom/bottom-sheet/lib/typescript/components/bottomSheetHandle/types.d.ts(4,15): error TS2305: Module '"../../hooks/useGestureHandler"' has no exported member 'useInteractivePanGestureHandlerConfigs'.
node_modules/@gorhom/bottom-sheet/lib/typescript/components/bottomSheetModal/BottomSheetModal.d.ts(1,8): error TS1259: Module '"d:/SALIO/salio-fe/node_modules/@types/react/index"' can only be default-imported using the 'esModuleInterop' flag
node_modules/@gorhom/bottom-sheet/lib/typescript/components/bottomSheetModal/types.d.ts(1,13): error TS1259: Module '"d:/SALIO/salio-fe/node_modules/@types/react/index"' can only be default-imported using the 'esModuleInterop' flag
node_modules/@gorhom/bottom-sheet/lib/typescript/components/bottomSheetModalProvider/BottomSheetModalProvider.d.ts(1,8): error TS1259: Module '"d:/SALIO/salio-fe/node_modules/@types/react/index"' can only be default-imported using the 'esModuleInterop' flag
node_modules/@gorhom/bottom-sheet/lib/typescript/components/bottomSheetScrollable/BottomSheetFlashList.d.ts(1,8): error TS1259: Module '"d:/SALIO/salio-fe/node_modules/@types/react/index"' can only be default-imported using the 'esModuleInterop' flag
node_modules/@gorhom/bottom-sheet/lib/typescript/components/bottomSheetScrollable/createBottomSheetScrollableComponent.d.ts(1,8): error TS1259: Module '"d:/SALIO/salio-fe/node_modules/@types/react/index"' can only be default-imported using the 'esModuleInterop' flag
node_modules/@gorhom/bottom-sheet/lib/typescript/components/bottomSheetTextInput/BottomSheetTextInput.d.ts(1,8): error TS1259: Module '"d:/SALIO/salio-fe/node_modules/@types/react/index"' can only be default-imported using the 'esModuleInterop' flag
node_modules/@gorhom/bottom-sheet/lib/typescript/components/bottomSheetView/BottomSheetView.d.ts(1,8): error TS1259: Module '"d:/SALIO/salio-fe/node_modules/@types/react/index"' can only be default-imported using the 'esModuleInterop' flag
node_modules/@gorhom/bottom-sheet/lib/typescript/hooks/useBottomSheetSpringConfigs.d.ts(6,112): error TS2307: Cannot find module 'react-native-reanimated/lib/typescript/animation/springUtils' or its corresponding type declarations.
node_modules/@gorhom/bottom-sheet/lib/typescript/hooks/useScrollableSetter.d.ts(1,13): error TS1259: Module '"d:/SALIO/salio-fe/node_modules/@types/react/index"' can only be default-imported using the 'esModuleInterop' flag
node_modules/@gorhom/bottom-sheet/lib/typescript/types.d.ts(1,13): error TS1259: Module '"d:/SALIO/salio-fe/node_modules/@types/react/index"' can only be default-imported using the 'esModuleInterop' flag
node_modules/@motionone/dom/types/animate/types.d.ts(5,18): error TS2430: Interface 'CSSStyleDeclarationWithTransform' incorrectly extends interface 'Omit<CSSStyleDeclaration, "direction" | "transition">'.
  Types of property 'x' are incompatible.
    Type 'number' is not assignable to type 'string'.
node_modules/@types/node/module.d.ts(739,13): error TS2403: Subsequent variable declarations must have the same type.  Variable 'require' must be of type 'NodeRequire', but here has type 'Require'.
node_modules/@types/ramda/index.d.ts(789,102): error TS2589: Type instantiation is excessively deep and possibly infinite.
node_modules/@types/react-native/index.d.ts(143,11): error TS2451: Cannot redeclare block-scoped variable 'originalXMLHttpRequest'.
node_modules/@types/react-native/index.d.ts(145,11): error TS2451: Cannot redeclare block-scoped variable '__BUNDLE_START_TIME__'.
node_modules/@types/react-native/index.d.ts(146,11): error TS2451: Cannot redeclare block-scoped variable 'ErrorUtils'.
node_modules/@types/react-native/index.d.ts(153,11): error TS2451: Cannot redeclare block-scoped variable '__DEV__'.
node_modules/@types/react-native/index.d.ts(155,11): error TS2451: Cannot redeclare block-scoped variable 'HermesInternal'.
node_modules/@types/react-native/Libraries/Lists/SectionList.d.ts(47,18): error TS2430: Interface 'SectionListProps<ItemT, SectionT>' incorrectly extends interface 'VirtualizedListWithoutRenderItemProps<ItemT>'.
  Types of property 'renderScrollComponent' are incompatible.
    Type '(props: import("D:/SALIO/salio-fe/node_modules/@types/react-native/Libraries/Components/ScrollView/ScrollView").ScrollViewProps) => React.ReactElement<import("D:/SALIO/salio-fe/node_modules/@types/react-native/Libraries/Components/ScrollView/ScrollView").ScrollViewProps, string | React.JSXElementConstructor<...>>' is not assignable to type '(props: import("d:/SALIO/salio-fe/node_modules/react-native/Libraries/Components/ScrollView/ScrollView").ScrollViewProps) => React.ReactElement<import("d:/SALIO/salio-fe/node_modules/react-native/Libraries/Components/ScrollView/ScrollView").ScrollViewProps, string | React.JSXElementConstructor<...>>'.
      Types of parameters 'props' and 'props' are incompatible.
        Type 'import("d:/SALIO/salio-fe/node_modules/react-native/Libraries/Components/ScrollView/ScrollView").ScrollViewProps' is not assignable to type 'import("D:/SALIO/salio-fe/node_modules/@types/react-native/Libraries/Components/ScrollView/ScrollView").ScrollViewProps'.
          Types of property 'contentContainerStyle' are incompatible.
            Type 'import("d:/SALIO/salio-fe/node_modules/react-native/Libraries/StyleSheet/StyleSheet").StyleProp<import("d:/SALIO/salio-fe/node_modules/react-native/Libraries/StyleSheet/StyleSheetTypes").ViewStyle>' is not assignable to type 'import("D:/SALIO/salio-fe/node_modules/@types/react-native/Libraries/StyleSheet/StyleSheet").StyleProp<import("D:/SALIO/salio-fe/node_modules/@types/react-native/Libraries/StyleSheet/StyleSheetTypes").ViewStyle>'.
              Type '""' is not assignable to type 'StyleProp<ViewStyle>'.
node_modules/@types/react-native/modules/BatchedBridge.d.ts(8,15): error TS2300: Duplicate identifier 'MessageQueue'.
node_modules/@types/react-native/modules/BatchedBridge.d.ts(18,20): error TS2300: Duplicate identifier 'BatchedBridge'.
node_modules/@types/react-native/modules/BatchedBridge.d.ts(22,20): error TS2300: Duplicate identifier 'MessageQueue'.
node_modules/@types/react-native/modules/Codegen.d.ts(1,1): error TS6200: Definitions of the following identifiers conflict with those in another file: codegenNativeCommands, NativeComponentType, codegenNativeComponent, BubblingEventHandler, DirectEventHandler, Double, Float, Int32, UnsafeObject, DefaultTypes, WithDefault
node_modules/@types/react-native/modules/Devtools.d.ts(2,17): error TS2300: Duplicate identifier 'StackFrame'.
node_modules/@types/react-native/modules/globals.d.ts(10,1): error TS6200: Definitions of the following identifiers conflict with those in another file: FormDataValue, FormDataPart, BodyInit_, HeadersInit_, RequestCredentials_, RequestMode_, ResponseType_, WebsocketMessageEventListener, WebsocketErrorEventListener, WebsocketOpenEventListener, WebsocketCloseEventListener, WebsocketEventListener
node_modules/@types/react-native/modules/globals.d.ts(69,13): error TS2403: Subsequent variable declarations must have the same type.  Variable 'Blob' must be of type '{ new (blobParts?: BlobPart[], options?: BlobPropertyBag): Blob; prototype: Blob; }', but here has type '{ new (blobParts?: (string | Blob)[], options?: BlobOptions): Blob; prototype: Blob; }'.
node_modules/@types/react-native/modules/globals.d.ts(90,15): error TS2300: Duplicate identifier 'FormData'.
node_modules/@types/react-native/modules/globals.d.ts(114,13): error TS2403: Subsequent variable declarations must have the same type.  Variable 'Headers' must be of type '{ new (init?: HeadersInit): Headers; prototype: Headers; }', but here has type '{ new (init?: HeadersInit_): Headers; prototype: Headers; }'.
node_modules/@types/react-native/modules/globals.d.ts(126,5): error TS2374: Duplicate index signature for type 'string'.
node_modules/@types/react-native/modules/globals.d.ts(148,5): error TS2717: Subsequent property declarations must have the same type.  Property 'body' must be of type 'BodyInit', but here has type 'BodyInit_'.
node_modules/@types/react-native/modules/globals.d.ts(150,5): error TS2717: Subsequent property declarations must have the same type.  Property 'headers' must be of type 'HeadersInit', but here has type 'HeadersInit_'.
node_modules/@types/react-native/modules/globals.d.ts(156,5): error TS2717: Subsequent property declarations must have the same type.  Property 'window' must be of type 'null', but here has type 'any'.
node_modules/@types/react-native/modules/globals.d.ts(170,13): error TS2403: Subsequent variable declarations must have the same type.  Variable 'Request' must be of type '{ new (input: RequestInfo | URL, init?: RequestInit): Request; prototype: Request; }', but here has type '{ new (input: string | Request, init?: RequestInit): Request; prototype: Request; }'.
node_modules/@types/react-native/modules/globals.d.ts(175,14): error TS2300: Duplicate identifier 'RequestInfo'.
node_modules/@types/react-native/modules/globals.d.ts(178,5): error TS2717: Subsequent property declarations must have the same type.  Property 'headers' must be of type 'HeadersInit', but here has type 'HeadersInit_'.
node_modules/@types/react-native/modules/globals.d.ts(194,13): error TS2403: Subsequent variable declarations must have the same type.  Variable 'Response' must be of type '{ new (body?: BodyInit, init?: ResponseInit): Response; prototype: Response; error(): Response; json(data: any, init?: ResponseInit): Response; redirect(url: string | URL, status?: number): Response; }', but here has type '{ new (body?: BodyInit_, init?: ResponseInit): Response; prototype: Response; error: () => Response; redirect: (url: string, status?: number) => Response; }'.
node_modules/@types/react-native/modules/globals.d.ts(283,5): error TS2717: Subsequent property declarations must have the same type.  Property 'abort' must be of type 'ProgressEvent<XMLHttpRequestEventTarget>', but here has type 'ProgressEvent<EventTarget>'.
node_modules/@types/react-native/modules/globals.d.ts(284,5): error TS2717: Subsequent property declarations must have the same type.  Property 'error' must be of type 'ProgressEvent<XMLHttpRequestEventTarget>', but here has type 'ProgressEvent<EventTarget>'.
node_modules/@types/react-native/modules/globals.d.ts(285,5): error TS2717: Subsequent property declarations must have the same type.  Property 'load' must be of type 'ProgressEvent<XMLHttpRequestEventTarget>', but here has type 'ProgressEvent<EventTarget>'.
node_modules/@types/react-native/modules/globals.d.ts(286,5): error TS2717: Subsequent property declarations must have the same type.  Property 'loadend' must be of type 'ProgressEvent<XMLHttpRequestEventTarget>', but here has type 'ProgressEvent<EventTarget>'.
node_modules/@types/react-native/modules/globals.d.ts(287,5): error TS2717: Subsequent property declarations must have the same type.  Property 'loadstart' must be of type 'ProgressEvent<XMLHttpRequestEventTarget>', but here has type 'ProgressEvent<EventTarget>'.
node_modules/@types/react-native/modules/globals.d.ts(288,5): error TS2717: Subsequent property declarations must have the same type.  Property 'progress' must be of type 'ProgressEvent<XMLHttpRequestEventTarget>', but here has type 'ProgressEvent<EventTarget>'.
node_modules/@types/react-native/modules/globals.d.ts(289,5): error TS2717: Subsequent property declarations must have the same type.  Property 'timeout' must be of type 'ProgressEvent<XMLHttpRequestEventTarget>', but here has type 'ProgressEvent<EventTarget>'.
node_modules/@types/react-native/modules/globals.d.ts(342,14): error TS2300: Duplicate identifier 'XMLHttpRequestResponseType'.
node_modules/@types/react-native/modules/globals.d.ts(355,15): error TS2300: Duplicate identifier 'URL'.
node_modules/@types/react-native/modules/globals.d.ts(380,15): error TS2300: Duplicate identifier 'URLSearchParams'.
node_modules/@types/react-native/modules/globals.d.ts(439,5): error TS2717: Subsequent property declarations must have the same type.  Property 'onopen' must be of type '(this: WebSocket, ev: Event) => any', but here has type '() => void'.
node_modules/@types/react-native/modules/globals.d.ts(440,5): error TS2717: Subsequent property declarations must have the same type.  Property 'onmessage' must be of type '(this: WebSocket, ev: MessageEvent<any>) => any', but here has type '(event: WebSocketMessageEvent) => void'.
node_modules/@types/react-native/modules/globals.d.ts(441,5): error TS2717: Subsequent property declarations must have the same type.  Property 'onerror' must be of type '(this: WebSocket, ev: Event) => any', but here has type '(event: WebSocketErrorEvent) => void'.
node_modules/@types/react-native/modules/globals.d.ts(442,5): error TS2717: Subsequent property declarations must have the same type.  Property 'onclose' must be of type '(this: WebSocket, ev: CloseEvent) => any', but here has type '(event: WebSocketCloseEvent) => void'.
node_modules/@types/react-native/modules/globals.d.ts(443,5): error TS2717: Subsequent property declarations must have the same type.  Property 'addEventListener' must be of type '{ <K extends keyof WebSocketEventMap>(type: K, listener: (this: WebSocket, ev: WebSocketEventMap[K]) => any, options?: boolean | AddEventListenerOptions): void; (type: string, listener: EventListenerOrEventListenerObject, options?: boolean | AddEventListenerOptions): void; }', but here has type 'WebsocketEventListener'.
node_modules/@types/react-native/modules/globals.d.ts(444,5): error TS2717: Subsequent property declarations must have the same type.  Property 'removeEventListener' must be of type '{ <K extends keyof WebSocketEventMap>(type: K, listener: (this: WebSocket, ev: WebSocketEventMap[K]) => any, options?: boolean | EventListenerOptions): void; (type: string, listener: EventListenerOrEventListenerObject, options?: boolean | EventListenerOptions): void; }', but here has type 'WebsocketEventListener'.
node_modules/@types/react-native/modules/globals.d.ts(447,13): error TS2403: Subsequent variable declarations must have the same type.  Variable 'WebSocket' must be of type '{ new (url: string | URL, protocols?: string | string[]): WebSocket; prototype: WebSocket; readonly CONNECTING: 0; readonly OPEN: 1; readonly CLOSING: 2; readonly CLOSED: 3; }', but here has type '{ new (uri: string, protocols?: string | string[], options?: { [optionName: string]: any; headers: { [headerName: string]: string; }; }): WebSocket; prototype: WebSocket; readonly CLOSED: number; readonly CLOSING: number; readonly CONNECTING: number; readonly OPEN: number; }'.
node_modules/@types/react-native/modules/globals.d.ts(471,15): error TS2300: Duplicate identifier 'AbortSignal'.
node_modules/@types/react-native/modules/globals.d.ts(471,15): error TS2420: Class 'AbortSignal' incorrectly implements interface 'EventTarget'.
  Property 'dispatchEvent' is missing in type 'AbortSignal' but required in type 'EventTarget'.
node_modules/@types/react-native/modules/globals.d.ts(506,15): error TS2300: Duplicate identifier 'AbortController'.
node_modules/@types/react-native/modules/globals.d.ts(531,14): error TS2717: Subsequent property declarations must have the same type.  Property 'error' must be of type 'DOMException', but here has type 'Error'.
node_modules/@types/react-native/modules/globals.d.ts(540,14): error TS2717: Subsequent property declarations must have the same type.  Property 'readyState' must be of type '0 | 2 | 1', but here has type 'number'.
node_modules/@types/react/global.d.ts(155,11): error TS2300: Duplicate identifier 'FormData'.
node_modules/framer-motion/dist/index.d.ts(3,110): error TS2305: Module '"react"' has no exported member 'ReactHTML'.
node_modules/framer-motion/dist/index.d.ts(3,121): error TS2305: Module '"react"' has no exported member 'DetailedHTMLFactory'.
node_modules/framer-motion/dist/index.d.ts(2558,89): error TS2503: Cannot find namespace 'JSX'.
node_modules/framer-motion/dist/index.d.ts(2681,143): error TS2344: Type 'unknown' does not satisfy the constraint 'HTMLElement'.
  Type '{}' is missing the following properties from type 'HTMLElement': accessKey, accessKeyLabel, autocapitalize, autocorrect, and 314 more.
node_modules/framer-motion/dist/index.d.ts(2710,69): error TS2503: Cannot find namespace 'JSX'.
node_modules/framer-motion/dist/index.d.ts(2710,135): error TS2503: Cannot find namespace 'JSX'.
node_modules/framer-motion/dist/index.d.ts(3007,73): error TS2503: Cannot find namespace 'JSX'.
node_modules/moti/build/components/progress/index.d.ts(48,193): error TS2503: Cannot find namespace 'JSX'.
node_modules/moti/build/core/motify.d.ts(1,8): error TS1259: Module '"d:/SALIO/salio-fe/node_modules/@types/react/index"' can only be default-imported using the 'esModuleInterop' flag
node_modules/moti/build/core/motify.d.ts(5,3244): error TS2536: Type 'Key' cannot be used to index type 'Partial<{ [key in Exclude<Exclude<keyof Animate, "perspective" | "rotate" | "scale" | "rotateX" | "rotateY" | "rotateZ" | "scaleX" | "scaleY" | "translateX" | "translateY" | "skewX" | "skewY">, "perspective" | ... 11 more ... | "skewY">]: any; } & { [key_1 in "perspective" | ... 11 more ... | Extract<...>]?: any; } ...'.
node_modules/moti/build/core/motify.d.ts(6,13): error TS2536: Type 'Key' cannot be used to index type 'Partial<{ [key in Exclude<Exclude<keyof Animate, "perspective" | "rotate" | "scale" | "rotateX" | "rotateY" | "rotateZ" | "scaleX" | "scaleY" | "translateX" | "translateY" | "skewX" | "skewY">, "perspective" | ... 11 more ... | "skewY">]: any; } & { [key_1 in "perspective" | ... 11 more ... | Extract<...>]?: any; } ...'.
node_modules/moti/build/core/motify.d.ts(6,1489): error TS2536: Type 'Key' cannot be used to index type 'Partial<{ [key in Exclude<Exclude<keyof Animate, "perspective" | "rotate" | "scale" | "rotateX" | "rotateY" | "rotateZ" | "scaleX" | "scaleY" | "translateX" | "translateY" | "skewX" | "skewY">, "perspective" | ... 11 more ... | "skewY">]: any; } & { [key_1 in "perspective" | ... 11 more ... | Extract<...>]?: any; } ...'.
node_modules/moti/build/core/motify.d.ts(6,3023): error TS2536: Type 'Key' cannot be used to index type 'Partial<{ [key in Exclude<Exclude<keyof Animate, "perspective" | "rotate" | "scale" | "rotateX" | "rotateY" | "rotateZ" | "scaleX" | "scaleY" | "translateX" | "translateY" | "skewX" | "skewY">, "perspective" | ... 11 more ... | "skewY">]: any; } & { [key_1 in "perspective" | ... 11 more ... | Extract<...>]?: any; } ...'.
node_modules/moti/build/core/motify.d.ts(6,4499): error TS2536: Type 'Key' cannot be used to index type 'Partial<{ [key in Exclude<Exclude<keyof Animate, "perspective" | "rotate" | "scale" | "rotateX" | "rotateY" | "rotateZ" | "scaleX" | "scaleY" | "translateX" | "translateY" | "skewX" | "skewY">, "perspective" | ... 11 more ... | "skewY">]: any; } & { [key_1 in "perspective" | ... 11 more ... | Extract<...>]?: any; } ...'.
node_modules/moti/build/core/types.d.ts(1,15): error TS2724: '"react-native"' has no exported member named 'PerpectiveTransform'. Did you mean 'PerspectiveTransform'?
node_modules/moti/build/core/use-motify.d.ts(9,44): error TS2694: Namespace '"d:/SALIO/salio-fe/node_modules/react-native/types/index"' has no exported member 'PerpectiveTransform'.
node_modules/moti/build/interactions/pressable/context.d.ts(9,102): error TS2694: Namespace '"d:/SALIO/salio-fe/node_modules/react-native-reanimated/lib/typescript/Animated"' has no exported member 'SharedValue'.
node_modules/moti/build/interactions/pressable/hoverable.d.ts(1,8): error TS1259: Module '"d:/SALIO/salio-fe/node_modules/@types/react/index"' can only be default-imported using the 'esModuleInterop' flag
node_modules/moti/build/interactions/pressable/hoverable.d.ts(1,17): error TS2305: Module '"react"' has no exported member 'ReactChild'.
node_modules/moti/build/interactions/pressable/hoverable.d.ts(8,100): error TS2503: Cannot find namespace 'JSX'.
node_modules/moti/build/interactions/pressable/pressable.d.ts(1,8): error TS1259: Module '"d:/SALIO/salio-fe/node_modules/@types/react/index"' can only be default-imported using the 'esModuleInterop' flag
node_modules/moti/build/interactions/pressable/pressable.d.ts(23,78): error TS2694: Namespace '"d:/SALIO/salio-fe/node_modules/react-native-reanimated/lib/typescript/Animated"' has no exported member 'SharedValue'.
node_modules/moti/build/interactions/pressable/pressable.d.ts(24,78): error TS2694: Namespace '"d:/SALIO/salio-fe/node_modules/react-native-reanimated/lib/typescript/Animated"' has no exported member 'SharedValue'.
node_modules/moti/build/interactions/pressable/types.d.ts(36,29): error TS2694: Namespace '"d:/SALIO/salio-fe/node_modules/react-native-reanimated/lib/typescript/Animated"' has no exported member 'SharedValue'.
node_modules/moti/build/interactions/pressable/types.d.ts(37,29): error TS2694: Namespace '"d:/SALIO/salio-fe/node_modules/react-native-reanimated/lib/typescript/Animated"' has no exported member 'SharedValue'.
node_modules/moti/build/skeleton/expo.d.ts(1,8): error TS1259: Module '"d:/SALIO/salio-fe/node_modules/@types/react/index"' can only be default-imported using the 'esModuleInterop' flag
node_modules/moti/build/skeleton/expo.d.ts(3,76): error TS2503: Cannot find namespace 'JSX'.
node_modules/moti/build/skeleton/expo.d.ts(8,11): error TS2503: Cannot find namespace 'JSX'.
node_modules/moti/build/skeleton/types.d.ts(15,22): error TS2694: Namespace 'React' has no exported member 'ReactChild'.
node_modules/moti/build/svg/motify-svg.d.ts(1,8): error TS1259: Module '"d:/SALIO/salio-fe/node_modules/@types/react/index"' can only be default-imported using the 'esModuleInterop' flag
node_modules/moti/build/svg/motify-svg.d.ts(26,3358): error TS2536: Type 'Key' cannot be used to index type 'Partial<{ [key in Exclude<Exclude<keyof Animate, "perspective" | "rotate" | "scale" | "rotateX" | "rotateY" | "rotateZ" | "scaleX" | "scaleY" | "translateX" | "translateY" | "skewX" | "skewY">, "perspective" | ... 11 more ... | "skewY">]: any; } & { [key_1 in "perspective" | ... 11 more ... | Extract<...>]?: any; } ...'.
node_modules/moti/build/svg/motify-svg.d.ts(27,13): error TS2536: Type 'Key' cannot be used to index type 'Partial<{ [key in Exclude<Exclude<keyof Animate, "perspective" | "rotate" | "scale" | "rotateX" | "rotateY" | "rotateZ" | "scaleX" | "scaleY" | "translateX" | "translateY" | "skewX" | "skewY">, "perspective" | ... 11 more ... | "skewY">]: any; } & { [key_1 in "perspective" | ... 11 more ... | Extract<...>]?: any; } ...'.
node_modules/moti/build/svg/motify-svg.d.ts(27,1531): error TS2536: Type 'Key' cannot be used to index type 'Partial<{ [key in Exclude<Exclude<keyof Animate, "perspective" | "rotate" | "scale" | "rotateX" | "rotateY" | "rotateZ" | "scaleX" | "scaleY" | "translateX" | "translateY" | "skewX" | "skewY">, "perspective" | ... 11 more ... | "skewY">]: any; } & { [key_1 in "perspective" | ... 11 more ... | Extract<...>]?: any; } ...'.
node_modules/moti/build/svg/motify-svg.d.ts(27,3107): error TS2536: Type 'Key' cannot be used to index type 'Partial<{ [key in Exclude<Exclude<keyof Animate, "perspective" | "rotate" | "scale" | "rotateX" | "rotateY" | "rotateZ" | "scaleX" | "scaleY" | "translateX" | "translateY" | "skewX" | "skewY">, "perspective" | ... 11 more ... | "skewY">]: any; } & { [key_1 in "perspective" | ... 11 more ... | Extract<...>]?: any; } ...'.
node_modules/moti/build/svg/motify-svg.d.ts(27,4625): error TS2536: Type 'Key' cannot be used to index type 'Partial<{ [key in Exclude<Exclude<keyof Animate, "perspective" | "rotate" | "scale" | "rotateX" | "rotateY" | "rotateZ" | "scaleX" | "scaleY" | "translateX" | "translateY" | "skewX" | "skewY">, "perspective" | ... 11 more ... | "skewY">]: any; } & { [key_1 in "perspective" | ... 11 more ... | Extract<...>]?: any; } ...'.
node_modules/phosphor-react-native/lib/typescript/lib/index.d.ts(1,8): error TS1259: Module '"d:/SALIO/salio-fe/node_modules/@types/react/index"' can only be default-imported using the 'esModuleInterop' flag
node_modules/react-native-gesture-handler/lib/typescript/components/Pressable/Pressable.d.ts(1,8): error TS1259: Module '"d:/SALIO/salio-fe/node_modules/@types/react/index"' can only be default-imported using the 'esModuleInterop' flag
node_modules/react-native-gesture-handler/lib/typescript/components/Text.d.ts(1,8): error TS1259: Module '"d:/SALIO/salio-fe/node_modules/@types/react/index"' can only be default-imported using the 'esModuleInterop' flag
node_modules/react-native-gesture-handler/lib/typescript/handlers/ForceTouchGestureHandler.d.ts(1,8): error TS1259: Module '"d:/SALIO/salio-fe/node_modules/@types/react/index"' can only be default-imported using the 'esModuleInterop' flag
node_modules/react-native-gesture-handler/lib/typescript/handlers/gestures/GestureDetector/index.d.ts(1,8): error TS1259: Module '"d:/SALIO/salio-fe/node_modules/@types/react/index"' can only be default-imported using the 'esModuleInterop' flag
node_modules/react-native-reanimated/lib/typescript/component/ScrollView.d.ts(2,8): error TS1259: Module '"d:/SALIO/salio-fe/node_modules/@types/react/index"' can only be default-imported using the 'esModuleInterop' flag
node_modules/react-native-reanimated/lib/typescript/createAnimatedComponent/AnimatedComponent.d.ts(2,13): error TS1259: Module '"d:/SALIO/salio-fe/node_modules/@types/react/index"' can only be default-imported using the 'esModuleInterop' flag
node_modules/react-native/src/types/globals.d.ts(10,1): error TS6200: Definitions of the following identifiers conflict with those in another file: EndingType, BlobPart, BufferSource, FormData, RequestInfo, XMLHttpRequestResponseType, AbortSignal, AbortController
node_modules/react-native/src/types/globals.d.ts(10,1): error TS6200: Definitions of the following identifiers conflict with those in another file: FormDataValue, FormDataPart, BodyInit_, HeadersInit_, RequestCredentials_, RequestMode_, ResponseType_, WebsocketMessageEventListener, WebsocketErrorEventListener, WebsocketOpenEventListener, WebsocketCloseEventListener, WebsocketEventListener
node_modules/react-native/src/types/globals.d.ts(46,9): error TS2451: Cannot redeclare block-scoped variable 'originalXMLHttpRequest'.
node_modules/react-native/src/types/globals.d.ts(48,9): error TS2451: Cannot redeclare block-scoped variable '__BUNDLE_START_TIME__'.
node_modules/react-native/src/types/globals.d.ts(49,9): error TS2451: Cannot redeclare block-scoped variable 'ErrorUtils'.
node_modules/react-native/src/types/globals.d.ts(56,9): error TS2451: Cannot redeclare block-scoped variable '__DEV__'.
node_modules/react-native/src/types/globals.d.ts(58,9): error TS2451: Cannot redeclare block-scoped variable 'HermesInternal'.
node_modules/react-native/src/types/globals.d.ts(166,7): error TS2403: Subsequent variable declarations must have the same type.  Variable 'Blob' must be of type '{ new (blobParts?: BlobPart[], options?: BlobPropertyBag): Blob; prototype: Blob; }', but here has type '{ new (blobParts?: (string | Blob)[], options?: BlobOptions): Blob; prototype: Blob; }'.
node_modules/react-native/src/types/globals.d.ts(180,7): error TS2403: Subsequent variable declarations must have the same type.  Variable 'File' must be of type '{ new (fileBits: BlobPart[], fileName: string, options?: FilePropertyBag): File; prototype: File; }', but here has type '{ new (fileParts: BlobPart[], name: string, options?: FilePropertyBag): File; prototype: File; }'.
node_modules/react-native/src/types/globals.d.ts(266,5): error TS2717: Subsequent property declarations must have the same type.  Property 'body' must be of type 'BodyInit', but here has type 'BodyInit_'.
node_modules/react-native/src/types/globals.d.ts(275,5): error TS2717: Subsequent property declarations must have the same type.  Property 'signal' must be of type 'AbortSignal', but here has type 'AbortSignal'.
node_modules/react-native/src/types/globals.d.ts(285,14): error TS2717: Subsequent property declarations must have the same type.  Property 'signal' must be of type 'AbortSignal', but here has type 'AbortSignal'.
node_modules/react-native/src/types/globals.d.ts(289,7): error TS2403: Subsequent variable declarations must have the same type.  Variable 'Request' must be of type '{ new (input: RequestInfo | URL, init?: RequestInit): Request; prototype: Request; }', but here has type '{ new (input: string | Request, init?: RequestInit): Request; prototype: Request; }'.
node_modules/react-native/src/types/globals.d.ts(313,7): error TS2403: Subsequent variable declarations must have the same type.  Variable 'Response' must be of type '{ new (body?: BodyInit, init?: ResponseInit): Response; prototype: Response; error(): Response; json(data: any, init?: ResponseInit): Response; redirect(url: string | URL, status?: number): Response; }', but here has type '{ new (body?: BodyInit_, init?: ResponseInit): Response; prototype: Response; error(): Response; json(data: any, init?: ResponseInit): Response; redirect: (url: string | URL, status?: number) => Response; }'.
node_modules/react-native/src/types/globals.d.ts(398,5): error TS2717: Subsequent property declarations must have the same type.  Property 'abort' must be of type 'ProgressEvent<XMLHttpRequestEventTarget>', but here has type 'ProgressEvent<EventTarget>'.
node_modules/react-native/src/types/globals.d.ts(399,5): error TS2717: Subsequent property declarations must have the same type.  Property 'error' must be of type 'ProgressEvent<XMLHttpRequestEventTarget>', but here has type 'ProgressEvent<EventTarget>'.
node_modules/react-native/src/types/globals.d.ts(400,5): error TS2717: Subsequent property declarations must have the same type.  Property 'load' must be of type 'ProgressEvent<XMLHttpRequestEventTarget>', but here has type 'ProgressEvent<EventTarget>'.
node_modules/react-native/src/types/globals.d.ts(401,5): error TS2717: Subsequent property declarations must have the same type.  Property 'loadend' must be of type 'ProgressEvent<XMLHttpRequestEventTarget>', but here has type 'ProgressEvent<EventTarget>'.
node_modules/react-native/src/types/globals.d.ts(402,5): error TS2717: Subsequent property declarations must have the same type.  Property 'loadstart' must be of type 'ProgressEvent<XMLHttpRequestEventTarget>', but here has type 'ProgressEvent<EventTarget>'.
node_modules/react-native/src/types/globals.d.ts(403,5): error TS2717: Subsequent property declarations must have the same type.  Property 'progress' must be of type 'ProgressEvent<XMLHttpRequestEventTarget>', but here has type 'ProgressEvent<EventTarget>'.
node_modules/react-native/src/types/globals.d.ts(404,5): error TS2717: Subsequent property declarations must have the same type.  Property 'timeout' must be of type 'ProgressEvent<XMLHttpRequestEventTarget>', but here has type 'ProgressEvent<EventTarget>'.
node_modules/react-native/src/types/globals.d.ts(471,7): error TS2403: Subsequent variable declarations must have the same type.  Variable 'URL' must be of type '{ new (url: string | URL, base?: string | URL): URL; prototype: URL; canParse(url: string | URL, base?: string | URL): boolean; createObjectURL(obj: Blob | MediaSource): string; parse(url: string | URL, base?: string | URL): URL; revokeObjectURL(url: string): void; }', but here has type '{ new (url: string | URL, base?: string | URL): URL; prototype: URL; createObjectURL(obj: Blob): string; revokeObjectURL(url: string): void; }'.
node_modules/react-native/src/types/globals.d.ts(534,5): error TS2717: Subsequent property declarations must have the same type.  Property 'onopen' must be of type '(this: WebSocket, ev: Event) => any', but here has type '() => void'.
node_modules/react-native/src/types/globals.d.ts(535,5): error TS2717: Subsequent property declarations must have the same type.  Property 'onmessage' must be of type '(this: WebSocket, ev: MessageEvent<any>) => any', but here has type '(event: WebSocketMessageEvent) => void'.
node_modules/react-native/src/types/globals.d.ts(536,5): error TS2717: Subsequent property declarations must have the same type.  Property 'onerror' must be of type '(this: WebSocket, ev: Event) => any', but here has type '(event: WebSocketErrorEvent) => void'.
node_modules/react-native/src/types/globals.d.ts(537,5): error TS2717: Subsequent property declarations must have the same type.  Property 'onclose' must be of type '(this: WebSocket, ev: CloseEvent) => any', but here has type '(event: WebSocketCloseEvent) => void'.
node_modules/react-native/src/types/globals.d.ts(538,5): error TS2717: Subsequent property declarations must have the same type.  Property 'addEventListener' must be of type '{ <K extends keyof WebSocketEventMap>(type: K, listener: (this: WebSocket, ev: WebSocketEventMap[K]) => any, options?: boolean | AddEventListenerOptions): void; (type: string, listener: EventListenerOrEventListenerObject, options?: boolean | AddEventListenerOptions): void; }', but here has type 'WebsocketEventListener'.
node_modules/react-native/src/types/globals.d.ts(539,5): error TS2717: Subsequent property declarations must have the same type.  Property 'removeEventListener' must be of type '{ <K extends keyof WebSocketEventMap>(type: K, listener: (this: WebSocket, ev: WebSocketEventMap[K]) => any, options?: boolean | EventListenerOptions): void; (type: string, listener: EventListenerOrEventListenerObject, options?: boolean | EventListenerOptions): void; }', but here has type 'WebsocketEventListener'.
node_modules/react-native/src/types/globals.d.ts(542,7): error TS2403: Subsequent variable declarations must have the same type.  Variable 'WebSocket' must be of type '{ new (url: string | URL, protocols?: string | string[]): WebSocket; prototype: WebSocket; readonly CONNECTING: 0; readonly OPEN: 1; readonly CLOSING: 2; readonly CLOSED: 3; }', but here has type '{ new (uri: string, protocols?: string | string[], options?: { [optionName: string]: any; headers: { [headerName: string]: string; }; }): WebSocket; prototype: WebSocket; readonly CLOSED: number; readonly CLOSING: number; readonly CONNECTING: number; readonly OPEN: number; }'.
node_modules/react-native/src/types/globals.d.ts(627,14): error TS2717: Subsequent property declarations must have the same type.  Property 'error' must be of type 'DOMException', but here has type 'Error'.
node_modules/react-native/src/types/globals.d.ts(640,14): error TS2717: Subsequent property declarations must have the same type.  Property 'readyState' must be of type '0 | 2 | 1', but here has type 'number'.
node_modules/react-native/types/modules/BatchedBridge.d.ts(17,15): error TS2300: Duplicate identifier 'MessageQueue'.
node_modules/react-native/types/modules/BatchedBridge.d.ts(27,18): error TS2300: Duplicate identifier 'BatchedBridge'.
node_modules/react-native/types/modules/BatchedBridge.d.ts(31,18): error TS2300: Duplicate identifier 'MessageQueue'.
node_modules/react-native/types/modules/Codegen.d.ts(10,1): error TS6200: Definitions of the following identifiers conflict with those in another file: codegenNativeCommands, NativeComponentType, codegenNativeComponent, BubblingEventHandler, DirectEventHandler, Double, Float, Int32, UnsafeObject, DefaultTypes, WithDefault
node_modules/react-native/types/modules/Devtools.d.ts(11,15): error TS2300: Duplicate identifier 'StackFrame'.
node_modules/ts-toolbelt/out/index.d.ts(4440,12): error TS2589: Type instantiation is excessively deep and possibly infinite.
node_modules/ts-toolbelt/out/index.d.ts(4440,21): error TS2321: Excessive stack depth comparing types 'Merge<Os[Pos<I>], O, depth, style, noMerge>' and 'object'.
node_modules/ts-toolbelt/out/index.d.ts(5094,12): error TS2589: Type instantiation is excessively deep and possibly infinite.
node_modules/ts-toolbelt/out/index.d.ts(5094,23): error TS2321: Excessive stack depth comparing types 'Merge<O, Os[Pos<I>], depth, style, noMerge>' and 'object'.
node_modules/ts-toolbelt/out/index.d.ts(5286,12): error TS2589: Type instantiation is excessively deep and possibly infinite.
node_modules/ts-toolbelt/out/index.d.ts(5286,23): error TS2321: Excessive stack depth comparing types 'Patch<O, Os[Pos<I>], depth, style, noMerge>' and 'object'.
node_modules/typescript/lib/lib.dom.d.ts(23,1): error TS6200: Definitions of the following identifiers conflict with those in another file: EndingType, BlobPart, BufferSource, FormData, RequestInfo, XMLHttpRequestResponseType, AbortSignal, AbortController
node_modules/typescript/lib/lib.dom.d.ts(2717,11): error TS2300: Duplicate identifier 'AbortController'.
node_modules/typescript/lib/lib.dom.d.ts(2732,13): error TS2300: Duplicate identifier 'AbortController'.
node_modules/typescript/lib/lib.dom.d.ts(2746,11): error TS2300: Duplicate identifier 'AbortSignal'.
node_modules/typescript/lib/lib.dom.d.ts(2773,13): error TS2300: Duplicate identifier 'AbortSignal'.
node_modules/typescript/lib/lib.dom.d.ts(12219,11): error TS2300: Duplicate identifier 'FormData'.
node_modules/typescript/lib/lib.dom.d.ts(12263,13): error TS2300: Duplicate identifier 'FormData'.
node_modules/typescript/lib/lib.dom.d.ts(32640,11): error TS2300: Duplicate identifier 'URL'.
node_modules/typescript/lib/lib.dom.d.ts(32722,13): error TS2300: Duplicate identifier 'URL'.
node_modules/typescript/lib/lib.dom.d.ts(32759,11): error TS2300: Duplicate identifier 'URLSearchParams'.
node_modules/typescript/lib/lib.dom.d.ts(32812,13): error TS2300: Duplicate identifier 'URLSearchParams'.
node_modules/typescript/lib/lib.dom.d.ts(39228,6): error TS2300: Duplicate identifier 'RequestInfo'.
node_modules/typescript/lib/lib.dom.d.ts(39429,6): error TS2300: Duplicate identifier 'XMLHttpRequestResponseType'.
node_modules/typescript/lib/lib.dom.iterable.d.ts(153,11): error TS2300: Duplicate identifier 'FormData'.
node_modules/typescript/lib/lib.dom.iterable.d.ts(418,11): error TS2300: Duplicate identifier 'URLSearchParams'.
